
> reading-rewards-spec-frontend@0.1.0 test
> vitest run src/components/__tests__/RewardsNavigationRoleGate.test.tsx


 RUN  v2.1.9 /Users/jasonmccarthy/projects/reading-rewards-spec/frontend

 ❯ src/components/__tests__/RewardsNavigationRoleGate.test.tsx (2 tests | 1 failed) 82ms
   × Rewards navigation role gating > shows Manage Rewards nav for parent 72ms
     → Unable to find an accessible element with the role "link" and name `/manage rewards/i`

Here are the accessible roles:

  navigation:

  Name "Primary navigation":
  [36m<nav[39m
    [33maria-label[39m=[32m"Primary navigation"[39m
    [33mclass[39m=[32m"border-b border-border bg-background px-4 py-3 sm:px-6"[39m
  [36m/>[39m

  --------------------------------------------------
  menubar:

  Name "":
  [36m<div[39m
    [33mclass[39m=[32m"flex w-full flex-wrap items-center gap-2 sm:w-auto"[39m
    [33mrole[39m=[32m"menubar"[39m
  [36m/>[39m

  --------------------------------------------------
  menuitem:

  Name "Search":
  [36m<a[39m
    [33mclass[39m=[32m"rounded-md px-3 py-2 text-sm font-medium outline-none ring-primary transition-colors focus-visible:ring-2 text-text-secondary hover:bg-background-alt hover:text-text-primary"[39m
    [33mdata-discover[39m=[32m"true"[39m
    [33mhref[39m=[32m"/search"[39m
    [33mrole[39m=[32m"menuitem"[39m
    [33mtabindex[39m=[32m"0"[39m
  [36m/>[39m

  Name "My Books":
  [36m<a[39m
    [33mclass[39m=[32m"rounded-md px-3 py-2 text-sm font-medium outline-none ring-primary transition-colors focus-visible:ring-2 text-text-secondary hover:bg-background-alt hover:text-text-primary"[39m
    [33mdata-discover[39m=[32m"true"[39m
    [33mhref[39m=[32m"/reading-list"[39m
    [33mrole[39m=[32m"menuitem"[39m
    [33mtabindex[39m=[32m"-1"[39m
  [36m/>[39m

  Name "History":
  [36m<a[39m
    [33mclass[39m=[32m"rounded-md px-3 py-2 text-sm font-medium outline-none ring-primary transition-colors focus-visible:ring-2 text-text-secondary hover:bg-background-alt hover:text-text-primary"[39m
    [33mdata-discover[39m=[32m"true"[39m
    [33mhref[39m=[32m"/history"[39m
    [33mrole[39m=[32m"menuitem"[39m
    [33mtabindex[39m=[32m"-1"[39m
  [36m/>[39m

  Name "Manage Rewards":
  [36m<a[39m
    [33maria-current[39m=[32m"page"[39m
    [33mclass[39m=[32m"rounded-md px-3 py-2 text-sm font-medium outline-none ring-primary transition-colors focus-visible:ring-2 bg-primary text-white"[39m
    [33mdata-discover[39m=[32m"true"[39m
    [33mhref[39m=[32m"/parent/rewards"[39m
    [33mrole[39m=[32m"menuitem"[39m
    [33mtabindex[39m=[32m"-1"[39m
  [36m/>[39m

  Name "Manage Kids":
  [36m<a[39m
    [33mclass[39m=[32m"rounded-md px-3 py-2 text-sm font-medium outline-none ring-primary transition-colors focus-visible:ring-2 text-text-secondary hover:bg-background-alt hover:text-text-primary"[39m
    [33mdata-discover[39m=[32m"true"[39m
    [33mhref[39m=[32m"/parent"[39m
    [33mrole[39m=[32m"menuitem"[39m
    [33mtabindex[39m=[32m"-1"[39m
  [36m/>[39m

  --------------------------------------------------
  button:

  Name "Logout":
  [36m<button[39m
    [33mclass[39m=[32m"inline-flex items-center justify-center rounded-md text-sm font-semibold transition-colors focus-visible:outline-none focus-visible:ring-2 focus-visible:ring-primary disabled:pointer-events-none disabled:opacity-60 bg-background-alt text-text-primary border border-border hover:bg-primary-light min-h-11 h-11 px-3"[39m
  [36m/>[39m

  Name "Save Family Reward":
  [36m<button[39m
    [33mtype[39m=[32m"submit"[39m
  [36m/>[39m

  --------------------------------------------------
  region:

  Name "Manage family rewards page":
  [36m<section[39m
    [33maria-label[39m=[32m"Manage family rewards page"[39m
  [36m/>[39m

  Name "Canned reward catalog":
  [36m<section[39m
    [33maria-label[39m=[32m"Canned reward catalog"[39m
  [36m/>[39m

  Name "Per-child reward overrides":
  [36m<section[39m
    [33maria-label[39m=[32m"Per-child reward overrides"[39m
  [36m/>[39m

  --------------------------------------------------
  heading:

  Name "Manage Rewards":
  [36m<h1 />[39m

  Name "Suggested Rewards":
  [36m<h2 />[39m

  Name "Family Rewards":
  [36m<h2 />[39m

  Name "Per-Child Rewards":
  [36m<h2 />[39m

  --------------------------------------------------
  paragraph:

  Name "":
  [36m<p />[39m

  --------------------------------------------------
  form:

  Name "reward template builder":
  [36m<form[39m
    [33maria-label[39m=[32m"reward template builder"[39m
  [36m/>[39m

  --------------------------------------------------
  textbox:

  Name "Description":
  [36m<input[39m
    [33mplaceholder[39m=[32m"e.g. $0.50 per chapter"[39m
    [33mrequired[39m=[32m""[39m
    [33mvalue[39m=[32m""[39m
  [36m/>[39m

  --------------------------------------------------
  spinbutton:

  Name "Amount":
  [36m<input[39m
    [33mmin[39m=[32m"0"[39m
    [33mrequired[39m=[32m""[39m
    [33mstep[39m=[32m"0.01"[39m
    [33mtype[39m=[32m"number"[39m
    [33mvalue[39m=[32m"1.00"[39m
  [36m/>[39m

  --------------------------------------------------
  list:

  Name "":
  [36m<ul />[39m

  Name "":
  [36m<ul />[39m

  --------------------------------------------------

Ignored nodes: comments, script, style
[36m<body>[39m
  [36m<div>[39m
    [36m<div[39m
      [33mclass[39m=[32m"app-layout grid min-h-screen grid-cols-1 bg-background-alt text-text-primary md:grid-cols-3"[39m
    [36m>[39m
      [36m<div[39m
        [33mclass[39m=[32m"md:col-span-3"[39m
      [36m>[39m
        [36m<nav[39m
          [33maria-label[39m=[32m"Primary navigation"[39m
          [33mclass[39m=[32m"border-b border-border bg-background px-4 py-3 sm:px-6"[39m
        [36m>[39m
          [36m<div[39m
            [33mclass[39m=[32m"mx-auto flex w-full max-w-[1100px] flex-col gap-3 sm:flex-row sm:items-center sm:justify-between"[39m
          [36m>[39m
            [36m<div[39m
              [33mclass[39m=[32m"flex w-full flex-wrap items-center gap-2 sm:w-auto"[39m
              [33mrole[39m=[32m"menubar"[39m
            [36m>[39m
              [36m<span[39m
                [33mclass[39m=[32m"mr-2 text-base font-bold text-primary sm:text-lg"[39m
              [36m>[39m
                [0mReading Rewards[0m
              [36m</span>[39m
              [36m<a[39m
                [33mclass[39m=[32m"rounded-md px-3 py-2 text-sm font-medium outline-none ring-primary transition-colors focus-visible:ring-2 text-text-secondary hover:bg-background-alt hover:text-text-primary"[39m
                [33mdata-discover[39m=[32m"true"[39m
                [33mhref[39m=[32m"/search"[39m
                [33mrole[39m=[32m"menuitem"[39m
                [33mtabindex[39m=[32m"0"[39m
              [36m>[39m
                [0mSearch[0m
              [36m</a>[39m
              [36m<a[39m
                [33mclass[39m=[32m"rounded-md px-3 py-2 text-sm font-medium outline-none ring-primary transition-colors focus-visible:ring-2 text-text-secondary hover:bg-background-alt hover:text-text-primary"[39m
                [33mdata-discover[39m=[32m"true"[39m
                [33mhref[39m=[32m"/reading-list"[39m
                [33mrole[39m=[32m"menuitem"[39m
                [33mtabindex[39m=[32m"-1"[39m
              [36m>[39m
                [0mMy Books[0m
              [36m</a>[39m
              [36m<a[39m
                [33mclass[39m=[32m"rounded-md px-3 py-2 text-sm font-medium outline-none ring-primary transition-colors focus-visible:ring-2 text-text-secondary hover:bg-background-alt hover:text-text-primary"[39m
                [33mdata-discover[39m=[32m"true"[39m
                [33mhref[39m=[32m"/history"[39m
                [33mrole[39m=[32m"menuitem"[39m
                [33mtabindex[39m=[32m"-1"[39m
              [36m>[39m
                [0mHistory[0m
              [36m</a>[39m
              [36m<a[39m
                [33maria-current[39m=[32m"page"[39m
                [33mclass[39m=[32m"rounded-md px-3 py-2 text-sm font-medium outline-none ring-primary transition-colors focus-visible:ring-2 bg-primary text-white"[39m
                [33mdata-discover[39m=[32m"true"[39m
                [33mhref[39m=[32m"/parent/rewards"[39m
                [33mrole[39m=[32m"menuitem"[39m
                [33mtabindex[39m=[32m"-1"[39m
              [36m>[39m
                [0mManage Rewards[0m
              [36m</a>[39m
              [36m<a[39m
                [33mclass[39m=[32m"rounded-md px-3 py-2 text-sm font-medium outline-none ring-primary transition-colors focus-visible:ring-2 text-text-secondary hover:bg-background-alt hover:text-text-primary"[39m
                [33mdata-discover[39m=[32m"true"[39m
                [33mhref[39m=[32m"/parent"[39m
                [33mrole[39m=[32m"menuitem"[39m
                [33mtabindex[39m=[32m"-1"[39m
              [36m>[39m
                [0mManage Kids[0m
              [36m</a>[39m
            [36m</div>[39m
            [36m<div[39m
              [33mclass[39m=[32m"flex w-full flex-wrap items-center justify-between gap-2 sm:w-auto sm:justify-end"[39m
            [36m>[39m
              [36m<span[39m
                [33mclass[39m=[32m"text-xs text-text-secondary sm:text-sm"[39m
              [36m>[39m
                [0mParent[0m
              [36m</span>[39m
              [36m<button[39m
                [33mclass[39m=[32m"inline-flex items-center justify-center rounded-md text-sm font-semibold transition-colors focus-visible:outline-none focus-visible:ring-2 focus-visible:ring-primary disabled:pointer-events-none disabled:opacity-60 bg-background-alt text-text-primary border border-border hover:bg-primary-light min-h-11 h-11 px-3"[39m
              [36m>[39m
                [0mLogout[0m
              [36m</button>[39m
            [36m</div>[39m
          [36m</div>[39m
        [36m</nav>[39m
      [36m</div>[39m
      [36m<div[39m
        [33mclass[39m=[32m"page-content md:col-span-3"[39m
      [36m>[39m
        [36m<section[39m
          [33maria-label[39m=[32m"Manage family rewards page"[39m
        [36m>[39m
          [36m<h1>[39m
            [0mManage Rewards[0m
          [36m</h1>[39m
          [36m<p>[39m
            [0mConfigure family-level rewards that all children can choose from.[0m
          [36m</p>[39m
          [36m<form[39m
            [33maria-label[39m=[32m"reward template builder"[39m
          [36m>[39m
            [36m<label>[39m
              [0mDescription[0m
              [36m<input[39m
                [33mplaceholder[39m=[32m"e.g. $0.50 per chapter"[39m
                [33mrequired[39m=[32m""[39m
                [33mvalue[39m=[32m""[39m
              [36m/>[39m
            [36m</label>[39m
            [36m<label>[39m
              [0mAmount[0m
              [36m<input[39m
                [33mmin[39m=[32m"0"[39m
                [33mrequired[39m=[32m""[39m
                [33mstep[39m=[32m"0.01"[39m
                [33mtype[39m=[32m"number"[39m
                [33mvalue[39m=[32m"1.00"[39m
              [36m/>[39m
            [36m</label>[39m
            [36m<button[39m
              [33mtype[39m=[32m"submit"[39m
            [36m>[39m
              [0mSave Family Reward[0m
            [36m</button>[39m
          [36m</form>[39m
          [36m<section[39m
            [33maria-label[39m=[32m"Canned reward catalog"[39m
          [36m>[39m
            [36m<h2>[39m
              [0mSuggested Rewards[0m
            [36m</h2>[39m
            [36m<ul />[39m
          [36m</section>[39m
          [36m<h2>[39m
            [0mFamily Rewards[0m
          [36m</h2>[39m
          [36m<ul />[39m
          [36m<section[39m
            [33maria-label[39m=[32m"Per-child reward overrides"[39m
          [36m>[39m
            [36m<h2>[39m
              [0mPer-Child Rewards[0m
            [36m</h2>[39m
          [36m</section>[39m
        [36m</section>[39m
      [36m</div>[39m
    [36m</div>[39m
  [36m</div>[39m
[36m</body>[39m

⎯⎯⎯⎯⎯⎯⎯ Failed Tests 1 ⎯⎯⎯⎯⎯⎯⎯

 FAIL  src/components/__tests__/RewardsNavigationRoleGate.test.tsx > Rewards navigation role gating > shows Manage Rewards nav for parent
TestingLibraryElementError: Unable to find an accessible element with the role "link" and name `/manage rewards/i`

Here are the accessible roles:

  navigation:

  Name "Primary navigation":
  [36m<nav[39m
    [33maria-label[39m=[32m"Primary navigation"[39m
    [33mclass[39m=[32m"border-b border-border bg-background px-4 py-3 sm:px-6"[39m
  [36m/>[39m

  --------------------------------------------------
  menubar:

  Name "":
  [36m<div[39m
    [33mclass[39m=[32m"flex w-full flex-wrap items-center gap-2 sm:w-auto"[39m
    [33mrole[39m=[32m"menubar"[39m
  [36m/>[39m

  --------------------------------------------------
  menuitem:

  Name "Search":
  [36m<a[39m
    [33mclass[39m=[32m"rounded-md px-3 py-2 text-sm font-medium outline-none ring-primary transition-colors focus-visible:ring-2 text-text-secondary hover:bg-background-alt hover:text-text-primary"[39m
    [33mdata-discover[39m=[32m"true"[39m
    [33mhref[39m=[32m"/search"[39m
    [33mrole[39m=[32m"menuitem"[39m
    [33mtabindex[39m=[32m"0"[39m
  [36m/>[39m

  Name "My Books":
  [36m<a[39m
    [33mclass[39m=[32m"rounded-md px-3 py-2 text-sm font-medium outline-none ring-primary transition-colors focus-visible:ring-2 text-text-secondary hover:bg-background-alt hover:text-text-primary"[39m
    [33mdata-discover[39m=[32m"true"[39m
    [33mhref[39m=[32m"/reading-list"[39m
    [33mrole[39m=[32m"menuitem"[39m
    [33mtabindex[39m=[32m"-1"[39m
  [36m/>[39m

  Name "History":
  [36m<a[39m
    [33mclass[39m=[32m"rounded-md px-3 py-2 text-sm font-medium outline-none ring-primary transition-colors focus-visible:ring-2 text-text-secondary hover:bg-background-alt hover:text-text-primary"[39m
    [33mdata-discover[39m=[32m"true"[39m
    [33mhref[39m=[32m"/history"[39m
    [33mrole[39m=[32m"menuitem"[39m
    [33mtabindex[39m=[32m"-1"[39m
  [36m/>[39m

  Name "Manage Rewards":
  [36m<a[39m
    [33maria-current[39m=[32m"page"[39m
    [33mclass[39m=[32m"rounded-md px-3 py-2 text-sm font-medium outline-none ring-primary transition-colors focus-visible:ring-2 bg-primary text-white"[39m
    [33mdata-discover[39m=[32m"true"[39m
    [33mhref[39m=[32m"/parent/rewards"[39m
    [33mrole[39m=[32m"menuitem"[39m
    [33mtabindex[39m=[32m"-1"[39m
  [36m/>[39m

  Name "Manage Kids":
  [36m<a[39m
    [33mclass[39m=[32m"rounded-md px-3 py-2 text-sm font-medium outline-none ring-primary transition-colors focus-visible:ring-2 text-text-secondary hover:bg-background-alt hover:text-text-primary"[39m
    [33mdata-discover[39m=[32m"true"[39m
    [33mhref[39m=[32m"/parent"[39m
    [33mrole[39m=[32m"menuitem"[39m
    [33mtabindex[39m=[32m"-1"[39m
  [36m/>[39m

  --------------------------------------------------
  button:

  Name "Logout":
  [36m<button[39m
    [33mclass[39m=[32m"inline-flex items-center justify-center rounded-md text-sm font-semibold transition-colors focus-visible:outline-none focus-visible:ring-2 focus-visible:ring-primary disabled:pointer-events-none disabled:opacity-60 bg-background-alt text-text-primary border border-border hover:bg-primary-light min-h-11 h-11 px-3"[39m
  [36m/>[39m

  Name "Save Family Reward":
  [36m<button[39m
    [33mtype[39m=[32m"submit"[39m
  [36m/>[39m

  --------------------------------------------------
  region:

  Name "Manage family rewards page":
  [36m<section[39m
    [33maria-label[39m=[32m"Manage family rewards page"[39m
  [36m/>[39m

  Name "Canned reward catalog":
  [36m<section[39m
    [33maria-label[39m=[32m"Canned reward catalog"[39m
  [36m/>[39m

  Name "Per-child reward overrides":
  [36m<section[39m
    [33maria-label[39m=[32m"Per-child reward overrides"[39m
  [36m/>[39m

  --------------------------------------------------
  heading:

  Name "Manage Rewards":
  [36m<h1 />[39m

  Name "Suggested Rewards":
  [36m<h2 />[39m

  Name "Family Rewards":
  [36m<h2 />[39m

  Name "Per-Child Rewards":
  [36m<h2 />[39m

  --------------------------------------------------
  paragraph:

  Name "":
  [36m<p />[39m

  --------------------------------------------------
  form:

  Name "reward template builder":
  [36m<form[39m
    [33maria-label[39m=[32m"reward template builder"[39m
  [36m/>[39m

  --------------------------------------------------
  textbox:

  Name "Description":
  [36m<input[39m
    [33mplaceholder[39m=[32m"e.g. $0.50 per chapter"[39m
    [33mrequired[39m=[32m""[39m
    [33mvalue[39m=[32m""[39m
  [36m/>[39m

  --------------------------------------------------
  spinbutton:

  Name "Amount":
  [36m<input[39m
    [33mmin[39m=[32m"0"[39m
    [33mrequired[39m=[32m""[39m
    [33mstep[39m=[32m"0.01"[39m
    [33mtype[39m=[32m"number"[39m
    [33mvalue[39m=[32m"1.00"[39m
  [36m/>[39m

  --------------------------------------------------
  list:

  Name "":
  [36m<ul />[39m

  Name "":
  [36m<ul />[39m

  --------------------------------------------------

Ignored nodes: comments, script, style
[36m<body>[39m
  [36m<div>[39m
    [36m<div[39m
      [33mclass[39m=[32m"app-layout grid min-h-screen grid-cols-1 bg-background-alt text-text-primary md:grid-cols-3"[39m
    [36m>[39m
      [36m<div[39m
        [33mclass[39m=[32m"md:col-span-3"[39m
      [36m>[39m
        [36m<nav[39m
          [33maria-label[39m=[32m"Primary navigation"[39m
          [33mclass[39m=[32m"border-b border-border bg-background px-4 py-3 sm:px-6"[39m
        [36m>[39m
          [36m<div[39m
            [33mclass[39m=[32m"mx-auto flex w-full max-w-[1100px] flex-col gap-3 sm:flex-row sm:items-center sm:justify-between"[39m
          [36m>[39m
            [36m<div[39m
              [33mclass[39m=[32m"flex w-full flex-wrap items-center gap-2 sm:w-auto"[39m
              [33mrole[39m=[32m"menubar"[39m
            [36m>[39m
              [36m<span[39m
                [33mclass[39m=[32m"mr-2 text-base font-bold text-primary sm:text-lg"[39m
              [36m>[39m
                [0mReading Rewards[0m
              [36m</span>[39m
              [36m<a[39m
                [33mclass[39m=[32m"rounded-md px-3 py-2 text-sm font-medium outline-none ring-primary transition-colors focus-visible:ring-2 text-text-secondary hover:bg-background-alt hover:text-text-primary"[39m
                [33mdata-discover[39m=[32m"true"[39m
                [33mhref[39m=[32m"/search"[39m
                [33mrole[39m=[32m"menuitem"[39m
                [33mtabindex[39m=[32m"0"[39m
              [36m>[39m
                [0mSearch[0m
              [36m</a>[39m
              [36m<a[39m
                [33mclass[39m=[32m"rounded-md px-3 py-2 text-sm font-medium outline-none ring-primary transition-colors focus-visible:ring-2 text-text-secondary hover:bg-background-alt hover:text-text-primary"[39m
                [33mdata-discover[39m=[32m"true"[39m
                [33mhref[39m=[32m"/reading-list"[39m
                [33mrole[39m=[32m"menuitem"[39m
                [33mtabindex[39m=[32m"-1"[39m
              [36m>[39m
                [0mMy Books[0m
              [36m</a>[39m
              [36m<a[39m
                [33mclass[39m=[32m"rounded-md px-3 py-2 text-sm font-medium outline-none ring-primary transition-colors focus-visible:ring-2 text-text-secondary hover:bg-background-alt hover:text-text-primary"[39m
                [33mdata-discover[39m=[32m"true"[39m
                [33mhref[39m=[32m"/history"[39m
                [33mrole[39m=[32m"menuitem"[39m
                [33mtabindex[39m=[32m"-1"[39m
              [36m>[39m
                [0mHistory[0m
              [36m</a>[39m
              [36m<a[39m
                [33maria-current[39m=[32m"page"[39m
                [33mclass[39m=[32m"rounded-md px-3 py-2 text-sm font-medium outline-none ring-primary transition-colors focus-visible:ring-2 bg-primary text-white"[39m
                [33mdata-discover[39m=[32m"true"[39m
                [33mhref[39m=[32m"/parent/rewards"[39m
                [33mrole[39m=[32m"menuitem"[39m
                [33mtabindex[39m=[32m"-1"[39m
              [36m>[39m
                [0mManage Rewards[0m
              [36m</a>[39m
              [36m<a[39m
                [33mclass[39m=[32m"rounded-md px-3 py-2 text-sm font-medium outline-none ring-primary transition-colors focus-visible:ring-2 text-text-secondary hover:bg-background-alt hover:text-text-primary"[39m
                [33mdata-discover[39m=[32m"true"[39m
                [33mhref[39m=[32m"/parent"[39m
                [33mrole[39m=[32m"menuitem"[39m
                [33mtabindex[39m=[32m"-1"[39m
              [36m>[39m
                [0mManage Kids[0m
              [36m</a>[39m
            [36m</div>[39m
            [36m<div[39m
              [33mclass[39m=[32m"flex w-full flex-wrap items-center justify-between gap-2 sm:w-auto sm:justify-end"[39m
            [36m>[39m
              [36m<span[39m
                [33mclass[39m=[32m"text-xs text-text-secondary sm:text-sm"[39m
              [36m>[39m
                [0mParent[0m
              [36m</span>[39m
              [36m<button[39m
                [33mclass[39m=[32m"inline-flex items-center justify-center rounded-md text-sm font-semibold transition-colors focus-visible:outline-none focus-visible:ring-2 focus-visible:ring-primary disabled:pointer-events-none disabled:opacity-60 bg-background-alt text-text-primary border border-border hover:bg-primary-light min-h-11 h-11 px-3"[39m
              [36m>[39m
                [0mLogout[0m
              [36m</button>[39m
            [36m</div>[39m
          [36m</div>[39m
        [36m</nav>[39m
      [36m</div>[39m
      [36m<div[39m
        [33mclass[39m=[32m"page-content md:col-span-3"[39m
      [36m>[39m
        [36m<section[39m
          [33maria-label[39m=[32m"Manage family rewards page"[39m
        [36m>[39m
          [36m<h1>[39m
            [0mManage Rewards[0m
          [36m</h1>[39m
          [36m<p>[39m
            [0mConfigure family-level rewards that all children can choose from.[0m
          [36m</p>[39m
          [36m<form[39m
            [33maria-label[39m=[32m"reward template builder"[39m
          [36m>[39m
            [36m<label>[39m
              [0mDescription[0m
              [36m<input[39m
                [33mplaceholder[39m=[32m"e.g. $0.50 per chapter"[39m
                [33mrequired[39m=[32m""[39m
                [33mvalue[39m=[32m""[39m
              [36m/>[39m
            [36m</label>[39m
            [36m<label>[39m
              [0mAmount[0m
              [36m<input[39m
                [33mmin[39m=[32m"0"[39m
                [33mrequired[39m=[32m""[39m
                [33mstep[39m=[32m"0.01"[39m
                [33mtype[39m=[32m"number"[39m
                [33mvalue[39m=[32m"1.00"[39m
              [36m/>[39m
            [36m</label>[39m
            [36m<button[39m
              [33mtype[39m=[32m"submit"[39m
            [36m>[39m
              [0mSave Family Reward[0m
            [36m</button>[39m
          [36m</form>[39m
          [36m<section[39m
            [33maria-label[39m=[32m"Canned reward catalog"[39m
          [36m>[39m
            [36m<h2>[39m
              [0mSuggested Rewards[0m
            [36m</h2>[39m
            [36m<ul />[39m
          [36m</section>[39m
          [36m<h2>[39m
            [0mFamily Rewards[0m
          [36m</h2>[39m
          [36m<ul />[39m
          [36m<section[39m
            [33maria-label[39m=[32m"Per-child reward overrides"[39m
          [36m>[39m
            [36m<h2>[39m
              [0mPer-Child Rewards[0m
            [36m</h2>[39m
          [36m</section>[39m
        [36m</section>[39m
      [36m</div>[39m
    [36m</div>[39m
  [36m</div>[39m
[36m</body>[39m
 ❯ Object.getElementError node_modules/@testing-library/dom/dist/config.js:37:19
 ❯ node_modules/@testing-library/dom/dist/query-helpers.js:76:38
 ❯ node_modules/@testing-library/dom/dist/query-helpers.js:52:17
 ❯ node_modules/@testing-library/dom/dist/query-helpers.js:95:19
 ❯ src/components/__tests__/RewardsNavigationRoleGate.test.tsx:27:19
     25|     );
     26| 
     27|     expect(screen.getByRole('link', { name: /manage rewards/i })).toBe…
       |                   ^
     28|     expect(screen.queryByRole('link', { name: /^rewards$/i })).not.toB…
     29|   });

⎯⎯⎯⎯⎯⎯⎯⎯⎯⎯⎯⎯⎯⎯⎯⎯⎯⎯⎯⎯⎯⎯⎯⎯[1/1]⎯

 Test Files  1 failed (1)
      Tests  1 failed | 1 passed (2)
   Start at  22:55:21
   Duration  680ms (transform 171ms, setup 25ms, collect 240ms, tests 82ms, environment 146ms, prepare 54ms)

